---
source: src/lib.rs
expression: keypoints
---
- x: 13.518987
  y: 92.877594
  size: 1.3081666
  angle: 97.77814
  response: 0.023165133
- x: 13.518987
  y: 92.877594
  size: 1.3081666
  angle: 97.77814
  response: 0.023165133
- x: 17.748169
  y: 97.80811
  size: 2.502992
  angle: 101.12756
  response: 0.03778479
- x: 19.200201
  y: 92.19742
  size: 2.0337062
  angle: 99.190125
  response: 0.0251932
- x: 19.585114
  y: 102.827995
  size: 1.1144588
  angle: 248.80557
  response: 0.023268977
- x: 20.637924
  y: 106.90818
  size: 4.1832995
  angle: 139.23428
  response: 0.028638976
- x: 22.020319
  y: 102.459785
  size: 1.8971735
  angle: 241.30734
  response: 0.020655628
- x: 26.911581
  y: 96.72593
  size: 2.1489613
  angle: 89.32065
  response: 0.027526457
- x: 28.701702
  y: 85.15391
  size: 6.4123244
  angle: 113.59311
  response: 0.025365643
- x: 28.701702
  y: 85.15391
  size: 6.4123244
  angle: 71.91974
  response: 0.025365643
- x: 30.391346
  y: 186.33916
  size: 1.3822522
  angle: 93.52991
  response: 0.01634028
- x: 32.098442
  y: 113.00239
  size: 1.1133243
  angle: 290.6425
  response: 0.038605705
- x: 33.167473
  y: 92.480705
  size: 1.0861535
  angle: 78.81482
  response: 0.019792564
- x: 34.11907
  y: 98.34138
  size: 0.92940646
  angle: 271.48615
  response: 0.029148657
- x: 35.285496
  y: 114.04656
  size: 7.7251167
  angle: 139.29976
  response: 0.031116476
- x: 35.4859
  y: 97.088135
  size: 3.0090098
  angle: 78.77933
  response: 0.032573305
- x: 37.297585
  y: 110.640465
  size: 1.9412295
  angle: 149.98932
  response: 0.024741007
- x: 39.198135
  y: 187.22244
  size: 1.1028379
  angle: 90.31427
  response: 0.014975931
- x: 41.712223
  y: 90.71223
  size: 1.9922224
  angle: 82.63989
  response: 0.028162278
- x: 45.331005
  y: 122.48535
  size: 0.9270388
  angle: 109.476944
  response: 0.016708428
- x: 47.110134
  y: 181.16808
  size: 1.1963888
  angle: 101.4426
  response: 0.015823912
- x: 52.952946
  y: 89.79329
  size: 2.4557335
  angle: 92.29825
  response: 0.03046243
- x: 53.479294
  y: 186.91292
  size: 1.2593712
  angle: 90.054596
  response: 0.0146527495
- x: 55.02308
  y: 97.98021
  size: 3.4423578
  angle: 275.41443
  response: 0.0415491
- x: 55.02308
  y: 97.98021
  size: 3.4423578
  angle: 89.40494
  response: 0.0415491
- x: 55.201153
  y: 110.49732
  size: 1.5146205
  angle: 92.352234
  response: 0.017857216
- x: 55.22678
  y: 100.960526
  size: 1.0554994
  angle: 278.30823
  response: 0.03057907
- x: 56.010063
  y: 87.49083
  size: 4.0588393
  angle: 87.55109
  response: 0.029433416
- x: 56.236053
  y: 184.21661
  size: 0.92479223
  angle: 109.849976
  response: 0.017842859
- x: 57.62812
  y: 105.647194
  size: 2.3165104
  angle: 279.41095
  response: 0.050646063
- x: 57.64342
  y: 142.09673
  size: 0.9999153
  angle: 131.09665
  response: 0.023972545
- x: 59.539745
  y: 144.56583
  size: 1.0468913
  angle: 141.87659
  response: 0.02217491
- x: 59.748573
  y: 135.6081
  size: 2.0436857
  angle: 126.3867
  response: 0.01637145
- x: 60.974895
  y: 150.75322
  size: 2.0923874
  angle: 44.315063
  response: 0.014504398
- x: 63.152237
  y: 91.39221
  size: 1.034119
  angle: 80.40048
  response: 0.018348083
- x: 64.12809
  y: 110.465965
  size: 1.4863834
  angle: 68.980225
  response: 0.017484441
- x: 64.18498
  y: 46.70143
  size: 6.758059
  angle: 158.16725
  response: 0.017193934
- x: 66.88544
  y: 146.59697
  size: 2.5543895
  angle: 99.96384
  response: 0.022105634
- x: 68.38009
  y: 102.488365
  size: 1.4154205
  angle: 279.92224
  response: 0.030299861
- x: 68.54181
  y: 97.88543
  size: 5.096721
  angle: 85.13666
  response: 0.04549463
- x: 69.68245
  y: 153.96153
  size: 7.770162
  angle: 111.5522
  response: 0.021991467
- x: 74.800705
  y: 102.49841
  size: 1.2837032
  angle: 238.85901
  response: 0.03382778
- x: 77.19935
  y: 93.476585
  size: 0.9808794
  angle: 92.106995
  response: 0.040473614
- x: 78.339485
  y: 97.92343
  size: 1.0633401
  angle: 250.3986
  response: 0.039509624
- x: 78.46119
  y: 121.18509
  size: 3.2451024
  angle: 288.09668
  response: 0.018782588
- x: 78.752556
  y: 138.93167
  size: 2.2926216
  angle: 116.35512
  response: 0.01679998
- x: 81.164566
  y: 112.76386
  size: 3.4833393
  angle: 289.7351
  response: 0.025481204
- x: 86.743034
  y: 144.85068
  size: 1.3407843
  angle: 102.045166
  response: 0.0138538135
- x: 89.50367
  y: 112.91143
  size: 1.6441586
  angle: 201.55486
  response: 0.020032844
- x: 91.406296
  y: 108.49372
  size: 0.98255426
  angle: 243.76953
  response: 0.023126282
- x: 91.89233
  y: 104.356544
  size: 1.0802743
  angle: 230.49039
  response: 0.022354394
- x: 93.019
  y: 110.39978
  size: 0.9671637
  angle: 244.03033
  response: 0.025417767
- x: 93.019
  y: 110.39978
  size: 0.9671637
  angle: 48.76654
  response: 0.025417767
- x: 94.36896
  y: 91.47097
  size: 1.4826368
  angle: 71.72305
  response: 0.029161086
- x: 94.76915
  y: 154.40555
  size: 5.0120635
  angle: 120.094376
  response: 0.025856698
- x: 94.894104
  y: 144.58095
  size: 2.6286845
  angle: 112.05795
  response: 0.018226609
- x: 95.4069
  y: 118.11247
  size: 6.064115
  angle: 246.85515
  response: 0.014188341
- x: 95.4069
  y: 118.11247
  size: 6.064115
  angle: 28.880493
  response: 0.014188341
- x: 96.48078
  y: 118.891754
  size: 2.0963097
  angle: 50.002106
  response: 0.01910661
- x: 97.39875
  y: 62.05428
  size: 18.628407
  angle: 356.30945
  response: 0.02427204
- x: 97.533005
  y: 177.68532
  size: 1.2971437
  angle: 120.36249
  response: 0.014647996
- x: 97.84921
  y: 123.61106
  size: 0.9350073
  angle: 47.002808
  response: 0.02536781
- x: 99.83708
  y: 92.46349
  size: 0.93272346
  angle: 66.35126
  response: 0.031990808
- x: 100.70936
  y: 100.23645
  size: 1.1557888
  angle: 18.473816
  response: 0.01345739
- x: 102.5004
  y: 113.66749
  size: 1.5364681
  angle: 236.11063
  response: 0.027981604
- x: 103.62248
  y: 147.98032
  size: 1.0352682
  angle: 123.53195
  response: 0.018953055
- x: 104.0657
  y: 119.10638
  size: 1.6446555
  angle: 49.70816
  response: 0.018893022
- x: 105.395424
  y: 123.20933
  size: 1.2654148
  angle: 78.02954
  response: 0.040158816
- x: 106.030624
  y: 175.1354
  size: 5.0704584
  angle: 101.52432
  response: 0.031812172
- x: 106.34732
  y: 173.70532
  size: 0.9567572
  angle: 298.12506
  response: 0.01565238
- x: 107.03327
  y: 151.4571
  size: 1.2967652
  angle: 98.31375
  response: 0.014399675
- x: 107.14459
  y: 127.05112
  size: 1.7402724
  angle: 73.47519
  response: 0.03480466
- x: 108.9469
  y: 84.66627
  size: 2.4433978
  angle: 64.026245
  response: 0.013363219
- x: 109.67079
  y: 102.88583
  size: 1.677544
  angle: 261.12158
  response: 0.017262552
- x: 109.97133
  y: 81.28444
  size: 4.363113
  angle: 62.282898
  response: 0.013557586
- x: 112.669525
  y: 139.59407
  size: 0.93988323
  angle: 250.08044
  response: 0.029126659
- x: 114.87285
  y: 143.843
  size: 6.116885
  angle: 241.87198
  response: 0.02734503
- x: 114.87285
  y: 143.843
  size: 6.116885
  angle: 122.19153
  response: 0.02734503
- x: 118.909294
  y: 121.86787
  size: 0.9687444
  angle: 132.1611
  response: 0.01599894
- x: 119.046745
  y: 94.81317
  size: 8.667274
  angle: 60.592926
  response: 0.021824356
- x: 119.5353
  y: 183.94887
  size: 1.4089991
  angle: 92.38867
  response: 0.029717235
- x: 124.043915
  y: 71.86272
  size: 7.5168877
  angle: 59.749695
  response: 0.024779694
- x: 124.16704
  y: 85.089516
  size: 2.0411565
  angle: 84.60904
  response: 0.02742846
- x: 125.95607
  y: 93.48769
  size: 0.9698038
  angle: 255.22052
  response: 0.017756
- x: 127.451485
  y: 144.774
  size: 20.09871
  angle: 131.14012
  response: 0.023094889
- x: 127.6047
  y: 127.11616
  size: 1.2101191
  angle: 246.05737
  response: 0.027552746
- x: 128.50145
  y: 107.439545
  size: 1.0022749
  angle: 221.16144
  response: 0.015088469
- x: 129.75131
  y: 123.107834
  size: 1.2425486
  angle: 301.95047
  response: 0.017164726
- x: 130.67177
  y: 38.51155
  size: 8.923378
  angle: 330.96326
  response: 0.026460659
- x: 131.16106
  y: 78.3873
  size: 1.042384
  angle: 57.742645
  response: 0.01800126
- x: 133.83084
  y: 173.05579
  size: 0.97948784
  angle: 75.89743
  response: 0.015857883
- x: 133.94078
  y: 16.19794
  size: 5.5664134
  angle: 76.42102
  response: 0.013599716
- x: 133.94078
  y: 16.19794
  size: 5.5664134
  angle: 14.576111
  response: 0.013599716
- x: 139.51654
  y: 155.4064
  size: 0.9800153
  angle: 42.827576
  response: 0.0135232685
- x: 145.18579
  y: 90.09951
  size: 1.0453762
  angle: 263.3176
  response: 0.01698027
- x: 145.18579
  y: 90.09951
  size: 1.0453762
  angle: 59.20111
  response: 0.01698027
- x: 147.26862
  y: 123.42752
  size: 6.5799646
  angle: 358.00793
  response: 0.017874364
- x: 148.11261
  y: 123.19472
  size: 0.9866271
  angle: 262.80222
  response: 0.016273445
- x: 148.60541
  y: 92.92818
  size: 0.9265251
  angle: 64.49487
  response: 0.034474432
- x: 148.69374
  y: 103.96163
  size: 1.0938289
  angle: 329.6688
  response: 0.016845407
- x: 151.82135
  y: 114.058495
  size: 3.492318
  angle: 324.3832
  response: 0.015871247
- x: 152.61595
  y: 207.63083
  size: 1.096793
  angle: 84.61444
  response: 0.020060077
- x: 153.4018
  y: 98.687126
  size: 3.0266416
  angle: 320.45963
  response: 0.024479277
- x: 155.95374
  y: 45.94437
  size: 0.96540177
  angle: 247.69699
  response: 0.020981465
- x: 158.62279
  y: 93.25993
  size: 1.3917735
  angle: 99.87805
  response: 0.013388973
- x: 161.72261
  y: 56.650043
  size: 1.0088357
  angle: 258.20612
  response: 0.015808893
- x: 161.72261
  y: 56.650043
  size: 1.0088357
  angle: 108.16443
  response: 0.015808893
- x: 162.35486
  y: 53.30753
  size: 1.0667881
  angle: 255.25981
  response: 0.018182212
- x: 162.35486
  y: 53.30753
  size: 1.0667881
  angle: 230.90672
  response: 0.018182212
- x: 162.37761
  y: 43.027424
  size: 1.0387768
  angle: 249.53159
  response: 0.018828196
- x: 163.7174
  y: 31.453297
  size: 7.802785
  angle: 240.55418
  response: 0.022420174
- x: 164.53789
  y: 79.97263
  size: 0.9994338
  angle: 105.76378
  response: 0.013842925
- x: 164.56506
  y: 93.33747
  size: 1.3390416
  angle: 102.381256
  response: 0.01538114
- x: 165.19214
  y: 102.37318
  size: 12.100387
  angle: 321.95132
  response: 0.022386959
- x: 165.19214
  y: 102.37318
  size: 12.100387
  angle: 119.62134
  response: 0.022386959
- x: 166.25777
  y: 206.61264
  size: 1.1972518
  angle: 88.875946
  response: 0.021504583
- x: 166.57385
  y: 172.39017
  size: 1.9089066
  angle: 71.87796
  response: 0.022649407
- x: 166.81427
  y: 74.00651
  size: 2.7666671
  angle: 129.36441
  response: 0.01390172
- x: 167.06586
  y: 87.05861
  size: 2.3780959
  angle: 211.50807
  response: 0.0239452
- x: 167.06586
  y: 87.05861
  size: 2.3780959
  angle: 127.92508
  response: 0.0239452
- x: 167.2594
  y: 68.11658
  size: 0.9375653
  angle: 248.66748
  response: 0.013757733
- x: 167.2594
  y: 68.11658
  size: 0.9375653
  angle: 149.38934
  response: 0.013757733
- x: 172.01169
  y: 54.02843
  size: 1.897926
  angle: 290.45425
  response: 0.023164455
- x: 172.82527
  y: 64.3622
  size: 0.9382987
  angle: 129.59448
  response: 0.017459651
- x: 172.82527
  y: 64.3622
  size: 0.9382987
  angle: 109.76614
  response: 0.017459651
- x: 174.28355
  y: 146.27734
  size: 1.3622085
  angle: 11.91684
  response: 0.018861383
- x: 175.13863
  y: 83.69454
  size: 1.1778349
  angle: 227.6393
  response: 0.026520098
- x: 176.39009
  y: 50.07971
  size: 1.9737204
  angle: 226.49615
  response: 0.052317943
- x: 179.46336
  y: 45.529766
  size: 1.1372724
  angle: 81.74429
  response: 0.02691051
- x: 180.82916
  y: 166.86284
  size: 2.0614424
  angle: 287.9446
  response: 0.038779654
- x: 180.82916
  y: 166.86284
  size: 2.0614424
  angle: 43.647186
  response: 0.038779654
- x: 182.9445
  y: 159.87717
  size: 1.3686022
  angle: 49.48236
  response: 0.022766272
- x: 183.11545
  y: 54.193382
  size: 0.9291944
  angle: 269.9113
  response: 0.02523157
- x: 184.82733
  y: 90.6481
  size: 1.5960591
  angle: 125.12558
  response: 0.024152167
- x: 184.82733
  y: 90.6481
  size: 1.5960591
  angle: 78.358
  response: 0.024152167
- x: 184.93336
  y: 85.15129
  size: 1.9003047
  angle: 193.44666
  response: 0.026257578
- x: 184.93336
  y: 85.15129
  size: 1.9003047
  angle: 62.779266
  response: 0.026257578
- x: 185.11143
  y: 54.970894
  size: 3.4394174
  angle: 231.76028
  response: 0.051504795
- x: 185.11143
  y: 54.970894
  size: 3.4394174
  angle: 59.930023
  response: 0.051504795
- x: 185.13568
  y: 64.89355
  size: 14.733745
  angle: 234.9176
  response: 0.028688094
- x: 185.13568
  y: 64.89355
  size: 14.733745
  angle: 115.44974
  response: 0.028688094
- x: 185.13568
  y: 64.89355
  size: 14.733745
  angle: 70.35919
  response: 0.028688094
- x: 185.14798
  y: 76.89278
  size: 1.9889317
  angle: 63.49402
  response: 0.018555544
- x: 185.61061
  y: 201.30801
  size: 1.9359038
  angle: 81.04562
  response: 0.014055587
- x: 185.6561
  y: 201.52792
  size: 1.7191744
  angle: 81.48657
  response: 0.014281898
- x: 186.22118
  y: 42.828316
  size: 1.7218525
  angle: 268.56586
  response: 0.013778864
- x: 187.07106
  y: 132.42873
  size: 2.3145976
  angle: 237.715
  response: 0.013886835
- x: 188.5513
  y: 71.130325
  size: 3.2310245
  angle: 262.6042
  response: 0.025270129
- x: 188.5513
  y: 71.130325
  size: 3.2310245
  angle: 58.71106
  response: 0.025270129
- x: 189.74928
  y: 62.152195
  size: 2.3515792
  angle: 59.758423
  response: 0.051827785
- x: 190.19762
  y: 151.98416
  size: 2.2139614
  angle: 46.703156
  response: 0.01942071
- x: 193.05104
  y: 113.06236
  size: 1.3441504
  angle: 349.81464
  response: 0.020754293
- x: 193.05104
  y: 113.06236
  size: 1.3441504
  angle: 196.23904
  response: 0.020754293
- x: 193.13945
  y: 44.61935
  size: 2.0062273
  angle: 318.91068
  response: 0.020763686
- x: 193.79079
  y: 150.18777
  size: 0.9959354
  angle: 33.402985
  response: 0.014462885
- x: 193.79115
  y: 50.372944
  size: 0.9409714
  angle: 303.46536
  response: 0.033792313
- x: 193.79115
  y: 50.372944
  size: 0.9409714
  angle: 101.849304
  response: 0.033792313
- x: 193.84972
  y: 73.13595
  size: 1.0552324
  angle: 11.308655
  response: 0.050794292
- x: 193.99197
  y: 89.061905
  size: 1.3485087
  angle: 21.110535
  response: 0.024606138
- x: 195.32129
  y: 65.74945
  size: 2.3674476
  angle: 249.57822
  response: 0.027844032
- x: 195.32129
  y: 65.74945
  size: 2.3674476
  angle: 249.57822
  response: 0.027844032
- x: 196.34256
  y: 126.55458
  size: 1.3267705
  angle: 259.3269
  response: 0.013485575
- x: 196.34256
  y: 126.55458
  size: 1.3267705
  angle: 193.4591
  response: 0.013485575
- x: 196.47122
  y: 74.38637
  size: 0.9762641
  angle: 201.05353
  response: 0.039612435
- x: 196.62506
  y: 146.34406
  size: 0.9983245
  angle: 45.28824
  response: 0.020780565
- x: 197.62364
  y: 62.053658
  size: 0.9079072
  angle: 0.75302124
  response: 0.032752283
- x: 197.62364
  y: 62.053658
  size: 0.9079072
  angle: 233.88364
  response: 0.032752283
- x: 197.66734
  y: 149.05281
  size: 0.9996505
  angle: 41.184967
  response: 0.018873407
- x: 197.74242
  y: 91.90726
  size: 1.0733155
  angle: 19.420654
  response: 0.026471553
- x: 198.15672
  y: 170.73969
  size: 11.202027
  angle: 263.8436
  response: 0.029758394
- x: 198.213
  y: 96.00658
  size: 0.9850939
  angle: 351.29086
  response: 0.015170961
- x: 198.69968
  y: 200.33322
  size: 1.3359226
  angle: 80.71869
  response: 0.015466468
- x: 199.2685
  y: 142.96101
  size: 1.1242247
  angle: 29.520996
  response: 0.025982074
- x: 200.61977
  y: 68.32298
  size: 0.9271042
  angle: 22.557098
  response: 0.018539103
- x: 200.88051
  y: 54.244095
  size: 1.2059082
  angle: 51.506073
  response: 0.023047723
- x: 203.15091
  y: 136.60509
  size: 1.2276021
  angle: 26.52179
  response: 0.025150478
- x: 205.05269
  y: 43.77703
  size: 2.0399716
  angle: 268.2583
  response: 0.019786518
- x: 205.18611
  y: 99.96373
  size: 4.199506
  angle: 79.192535
  response: 0.01822219
- x: 206.02647
  y: 53.99194
  size: 0.9182687
  angle: 55.699646
  response: 0.0284617
- x: 206.44412
  y: 97.646225
  size: 1.9260396
  angle: 90.69766
  response: 0.019417891
- x: 207.73816
  y: 49.205975
  size: 1.9586684
  angle: 40.71582
  response: 0.036157414
- x: 207.96957
  y: 124.51848
  size: 3.437671
  angle: 26.147644
  response: 0.029201144
- x: 209.07104
  y: 135.92857
  size: 2.7528858
  angle: 30.999573
  response: 0.02992508
- x: 212.25986
  y: 52.053055
  size: 2.072913
  angle: 41.11371
  response: 0.03600579
- x: 218.25217
  y: 171.81633
  size: 1.3583584
  angle: 73.888824
  response: 0.014976699
- x: 222.94832
  y: 111.90038
  size: 4.2666855
  angle: 96.445496
  response: 0.015721891
- x: 223.94307
  y: 42.702507
  size: 1.151323
  angle: 96.23413
  response: 0.024707988
- x: 229.0723
  y: 170.15732
  size: 1.6034397
  angle: 79.84387
  response: 0.019010836
- x: 232.4193
  y: 77.06887
  size: 6.390289
  angle: 78.37784
  response: 0.014810683
- x: 232.49059
  y: 117.34865
  size: 1.0425985
  angle: 101.630035
  response: 0.022047058
- x: 232.77567
  y: 142.15923
  size: 23.392126
  angle: 1.2429504
  response: 0.036516815
- x: 232.77567
  y: 142.15923
  size: 23.392126
  angle: 270.73468
  response: 0.036516815
- x: 232.77567
  y: 142.15923
  size: 23.392126
  angle: 70.03348
  response: 0.036516815
- x: 233.98997
  y: 120.85948
  size: 1.2899239
  angle: 101.0195
  response: 0.016950032
- x: 237.30017
  y: 59.522926
  size: 5.827765
  angle: 289.3135
  response: 0.0137187345
- x: 237.30017
  y: 59.522926
  size: 5.827765
  angle: 144.55322
  response: 0.0137187345
- x: 242.96428
  y: 122.75775
  size: 1.3568217
  angle: 104.75081
  response: 0.015119851
- x: 243.94057
  y: 185.2424
  size: 6.324453
  angle: 262.5862
  response: 0.03684391
- x: 250.85883
  y: 124.90875
  size: 0.9371177
  angle: 111.067474
  response: 0.028538033
- x: 259.1908
  y: 118.915016
  size: 6.3567243
  angle: 119.93317
  response: 0.023378383
- x: 260.0316
  y: 133.35986
  size: 0.90538895
  angle: 122.95526
  response: 0.013922418
- x: 260.75208
  y: 189.39778
  size: 3.0820146
  angle: 76.3161
  response: 0.013592649
- x: 264.26605
  y: 172.36058
  size: 1.1766934
  angle: 251.96878
  response: 0.030379377
- x: 267.5441
  y: 137.638
  size: 1.0170335
  angle: 306.92734
  response: 0.016926508
- x: 267.5441
  y: 137.638
  size: 1.0170335
  angle: 142.38281
  response: 0.016926508
- x: 268.9937
  y: 165.62871
  size: 2.5323858
  angle: 244.57733
  response: 0.021954075
- x: 270.24802
  y: 40.387947
  size: 9.476422
  angle: 80.00003
  response: 0.024185542
- x: 270.4613
  y: 140.22275
  size: 0.9304126
  angle: 313.0547
  response: 0.018935231
- x: 270.71472
  y: 61.538155
  size: 6.7460985
  angle: 84.43292
  response: 0.020961966
- x: 271.18765
  y: 166.21451
  size: 1.4734347
  angle: 240.86966
  response: 0.021531837
- x: 274.36102
  y: 145.0563
  size: 1.0344433
  angle: 325.1975
  response: 0.023818336
- x: 274.87073
  y: 168.4727
  size: 1.6306416
  angle: 240.92743
  response: 0.028976588
- x: 275.9371
  y: 142.72469
  size: 0.9098325
  angle: 323.74646
  response: 0.0218139
- x: 278.0017
  y: 163.09511
  size: 1.2335743
  angle: 244.68172
  response: 0.019513795
- x: 279.08722
  y: 104.26723
  size: 1.5955104
  angle: 100.14093
  response: 0.015102595
- x: 284.46188
  y: 150.47462
  size: 5.9926
  angle: 129.73196
  response: 0.024560124
- x: 288.1961
  y: 129.87025
  size: 6.5613046
  angle: 125.89389
  response: 0.021792803
- x: 289.2271
  y: 162.13617
  size: 3.000489
  angle: 229.67805
  response: 0.018613832
- x: 289.67853
  y: 153.85728
  size: 0.97611064
  angle: 207.62666
  response: 0.015068089
- x: 291.91003
  y: 203.98315
  size: 1.0223202
  angle: 271.84735
  response: 0.018502185
- x: 293.93607
  y: 201.71402
  size: 0.96353
  angle: 159.24915
  response: 0.019926228
- x: 295.01016
  y: 198.16495
  size: 2.490712
  angle: 267.19308
  response: 0.030516133
- x: 298.9133
  y: 202.60547
  size: 1.5010118
  angle: 262.08722
  response: 0.014235986
- x: 305.36523
  y: 189.15369
  size: 6.327562
  angle: 266.2672
  response: 0.020418504
- x: 311.3468
  y: 108.994865
  size: 1.1178454
  angle: 100.23074
  response: 0.025612473
