---
source: src/lib.rs
expression: keypoints
---
- x: 13.518987
  y: 92.877594
  size: 1.3081666
  angle: 97.77814
  response: 0.023165133
- x: 13.518987
  y: 92.877594
  size: 1.3081666
  angle: 97.77814
  response: 0.023165133
- x: 17.748167
  y: 97.80811
  size: 2.502992
  angle: 101.12756
  response: 0.037784792
- x: 19.200203
  y: 92.197426
  size: 2.0337055
  angle: 99.190125
  response: 0.0251932
- x: 19.58511
  y: 102.827995
  size: 1.1144639
  angle: 248.80557
  response: 0.023268972
- x: 20.637924
  y: 106.90818
  size: 4.1832995
  angle: 139.23425
  response: 0.028638976
- x: 22.020325
  y: 102.459785
  size: 1.8971741
  angle: 241.30734
  response: 0.020655628
- x: 26.911581
  y: 96.72593
  size: 2.1489613
  angle: 89.32065
  response: 0.027526457
- x: 28.701696
  y: 85.15391
  size: 6.412324
  angle: 113.59311
  response: 0.025365643
- x: 28.701696
  y: 85.15391
  size: 6.412324
  angle: 71.91974
  response: 0.025365643
- x: 30.391378
  y: 186.33914
  size: 1.3822583
  angle: 93.52991
  response: 0.016340284
- x: 32.098442
  y: 113.00239
  size: 1.1133245
  angle: 290.6425
  response: 0.038605705
- x: 33.167465
  y: 92.480705
  size: 1.0861528
  angle: 78.81482
  response: 0.019792562
- x: 34.11908
  y: 98.34138
  size: 0.9294028
  angle: 271.48615
  response: 0.029148616
- x: 35.285553
  y: 114.0466
  size: 7.725138
  angle: 139.29976
  response: 0.031116493
- x: 35.4859
  y: 97.08813
  size: 3.0090098
  angle: 78.77933
  response: 0.0325733
- x: 37.297585
  y: 110.640465
  size: 1.9412292
  angle: 149.98932
  response: 0.024741003
- x: 39.198135
  y: 187.22244
  size: 1.1028368
  angle: 90.31427
  response: 0.014975935
- x: 41.712223
  y: 90.71223
  size: 1.9922221
  angle: 82.63989
  response: 0.028162273
- x: 45.331005
  y: 122.48535
  size: 0.92703754
  angle: 109.476944
  response: 0.016708434
- x: 47.110134
  y: 181.16808
  size: 1.1963891
  angle: 101.4426
  response: 0.015823916
- x: 52.95295
  y: 89.79329
  size: 2.4557338
  angle: 92.29825
  response: 0.030462427
- x: 53.479294
  y: 186.91292
  size: 1.2593706
  angle: 90.054596
  response: 0.014652748
- x: 55.02308
  y: 97.98022
  size: 3.442356
  angle: 275.41443
  response: 0.0415491
- x: 55.02308
  y: 97.98022
  size: 3.442356
  angle: 89.40494
  response: 0.0415491
- x: 55.20114
  y: 110.49732
  size: 1.5146214
  angle: 92.352234
  response: 0.017857246
- x: 55.226776
  y: 100.960526
  size: 1.0554968
  angle: 278.30823
  response: 0.030579062
- x: 56.01006
  y: 87.49083
  size: 4.0588393
  angle: 87.55109
  response: 0.029433416
- x: 56.236053
  y: 184.21661
  size: 0.92479223
  angle: 109.849976
  response: 0.017842852
- x: 57.628147
  y: 105.6472
  size: 2.3165135
  angle: 279.41095
  response: 0.050646078
- x: 57.643425
  y: 142.09674
  size: 0.9999117
  angle: 131.09662
  response: 0.023972487
- x: 59.53974
  y: 144.56583
  size: 1.0468906
  angle: 141.87659
  response: 0.02217491
- x: 59.74858
  y: 135.60811
  size: 2.0436878
  angle: 126.38669
  response: 0.016371438
- x: 60.974888
  y: 150.75322
  size: 2.0923882
  angle: 44.315063
  response: 0.014504398
- x: 63.152237
  y: 91.39221
  size: 1.0341178
  angle: 80.40048
  response: 0.018348083
- x: 64.12809
  y: 110.465965
  size: 1.4863837
  angle: 68.980225
  response: 0.017484441
- x: 64.18498
  y: 46.701424
  size: 6.7580314
  angle: 158.16724
  response: 0.017193958
- x: 66.885445
  y: 146.59697
  size: 2.554391
  angle: 99.96384
  response: 0.02210563
- x: 68.3801
  y: 102.48836
  size: 1.415425
  angle: 279.92224
  response: 0.030299852
- x: 68.541794
  y: 97.88543
  size: 5.096721
  angle: 85.13666
  response: 0.045494627
- x: 69.68245
  y: 153.96153
  size: 7.770162
  angle: 111.5522
  response: 0.021991467
- x: 74.80071
  y: 102.498405
  size: 1.2837019
  angle: 238.859
  response: 0.033827804
- x: 77.199326
  y: 93.47659
  size: 0.98088497
  angle: 92.106995
  response: 0.04047366
- x: 78.33948
  y: 97.92343
  size: 1.0633429
  angle: 250.3986
  response: 0.039509583
- x: 78.4612
  y: 121.1851
  size: 3.2451024
  angle: 288.09668
  response: 0.018782588
- x: 78.752556
  y: 138.93167
  size: 2.2926242
  angle: 116.3551
  response: 0.016799979
- x: 81.164566
  y: 112.76386
  size: 3.4833393
  angle: 289.7351
  response: 0.025481204
- x: 86.743034
  y: 144.85068
  size: 1.340785
  angle: 102.045166
  response: 0.013853819
- x: 89.50367
  y: 112.91143
  size: 1.6441587
  angle: 201.55486
  response: 0.020032844
- x: 91.4063
  y: 108.49371
  size: 0.98255414
  angle: 243.76953
  response: 0.02312628
- x: 91.89233
  y: 104.356544
  size: 1.0802736
  angle: 230.49039
  response: 0.02235439
- x: 93.019005
  y: 110.39978
  size: 0.96716434
  angle: 244.03033
  response: 0.025417738
- x: 93.019005
  y: 110.39978
  size: 0.96716434
  angle: 48.76654
  response: 0.025417738
- x: 94.36896
  y: 91.47097
  size: 1.4826367
  angle: 71.72305
  response: 0.029161086
- x: 94.76915
  y: 154.40555
  size: 5.0120635
  angle: 120.09439
  response: 0.025856698
- x: 94.89406
  y: 144.58095
  size: 2.6286733
  angle: 112.05795
  response: 0.01822661
- x: 95.4069
  y: 118.11247
  size: 6.064115
  angle: 246.85515
  response: 0.014188341
- x: 95.4069
  y: 118.11247
  size: 6.064115
  angle: 28.880493
  response: 0.014188341
- x: 96.48078
  y: 118.89175
  size: 2.09631
  angle: 50.002106
  response: 0.019106612
- x: 97.3987
  y: 62.05426
  size: 18.628424
  angle: 356.30945
  response: 0.024272038
- x: 97.53303
  y: 177.68535
  size: 1.2971433
  angle: 120.36249
  response: 0.014648014
- x: 97.84922
  y: 123.61106
  size: 0.93501705
  angle: 47.00284
  response: 0.025367826
- x: 99.83708
  y: 92.46349
  size: 0.93272364
  angle: 66.35123
  response: 0.031990808
- x: 100.709366
  y: 100.23646
  size: 1.155779
  angle: 18.473816
  response: 0.013457383
- x: 102.5004
  y: 113.667496
  size: 1.5364683
  angle: 236.11063
  response: 0.027981604
- x: 103.622475
  y: 147.98032
  size: 1.0352672
  angle: 123.53195
  response: 0.018953081
- x: 104.0657
  y: 119.10637
  size: 1.6446555
  angle: 49.70816
  response: 0.018893022
- x: 105.39544
  y: 123.20932
  size: 1.2654192
  angle: 78.02954
  response: 0.04015881
- x: 106.030624
  y: 175.1354
  size: 5.0704584
  angle: 101.52432
  response: 0.031812172
- x: 106.34733
  y: 173.70532
  size: 0.95675707
  angle: 298.12506
  response: 0.015652366
- x: 107.03327
  y: 151.4571
  size: 1.2967652
  angle: 98.31375
  response: 0.014399675
- x: 107.14463
  y: 127.05112
  size: 1.7402779
  angle: 73.47522
  response: 0.03480461
- x: 108.9469
  y: 84.66627
  size: 2.443398
  angle: 64.026245
  response: 0.013363219
- x: 109.67083
  y: 102.88581
  size: 1.6775316
  angle: 261.12152
  response: 0.017262558
- x: 109.97138
  y: 81.284424
  size: 4.3631077
  angle: 62.282898
  response: 0.013557582
- x: 112.669525
  y: 139.59407
  size: 0.93988323
  angle: 250.08044
  response: 0.029126659
- x: 114.87285
  y: 143.843
  size: 6.116885
  angle: 241.87198
  response: 0.02734503
- x: 114.87285
  y: 143.843
  size: 6.116885
  angle: 122.19153
  response: 0.02734503
- x: 118.9093
  y: 121.86787
  size: 0.968744
  angle: 132.1611
  response: 0.015998939
- x: 119.04674
  y: 94.81317
  size: 8.667275
  angle: 60.592926
  response: 0.021824358
- x: 119.53532
  y: 183.94887
  size: 1.4090099
  angle: 92.38867
  response: 0.029717216
- x: 124.043884
  y: 71.86272
  size: 7.516919
  angle: 59.749695
  response: 0.024779715
- x: 124.167015
  y: 85.089516
  size: 2.041159
  angle: 84.60904
  response: 0.027428454
- x: 125.95607
  y: 93.48769
  size: 0.9698079
  angle: 255.22052
  response: 0.017756052
- x: 127.451485
  y: 144.774
  size: 20.09871
  angle: 131.14012
  response: 0.023094889
- x: 127.6047
  y: 127.11616
  size: 1.210119
  angle: 246.05737
  response: 0.027552746
- x: 128.50145
  y: 107.439545
  size: 1.0022775
  angle: 221.16144
  response: 0.015088435
- x: 129.75131
  y: 123.10783
  size: 1.2425423
  angle: 301.95047
  response: 0.01716476
- x: 130.67177
  y: 38.511562
  size: 8.923381
  angle: 330.96326
  response: 0.026460655
- x: 131.16106
  y: 78.38731
  size: 1.0423784
  angle: 57.742645
  response: 0.018001258
- x: 133.83086
  y: 173.05579
  size: 0.9794883
  angle: 75.89746
  response: 0.015857875
- x: 133.94077
  y: 16.197924
  size: 5.5664372
  angle: 76.42102
  response: 0.0135997245
- x: 133.94077
  y: 16.197924
  size: 5.5664372
  angle: 14.576111
  response: 0.0135997245
- x: 139.51654
  y: 155.4064
  size: 0.98001397
  angle: 42.827576
  response: 0.013523269
- x: 145.18579
  y: 90.09951
  size: 1.045378
  angle: 263.31757
  response: 0.01698028
- x: 145.18579
  y: 90.09951
  size: 1.045378
  angle: 59.20111
  response: 0.01698028
- x: 147.26862
  y: 123.42752
  size: 6.5799646
  angle: 358.00793
  response: 0.017874364
- x: 148.11261
  y: 123.19472
  size: 0.9866271
  angle: 262.80222
  response: 0.016273445
- x: 148.60541
  y: 92.92818
  size: 0.9265291
  angle: 64.49487
  response: 0.034474447
- x: 148.69374
  y: 103.96163
  size: 1.0938287
  angle: 329.6688
  response: 0.016845403
- x: 151.82135
  y: 114.0585
  size: 3.4923184
  angle: 324.3832
  response: 0.01587125
- x: 152.61598
  y: 207.63084
  size: 1.0968096
  angle: 84.61444
  response: 0.020060027
- x: 153.4018
  y: 98.6871
  size: 3.0266378
  angle: 320.45963
  response: 0.024479287
- x: 155.95374
  y: 45.94437
  size: 0.9654016
  angle: 247.69699
  response: 0.020981465
- x: 158.62276
  y: 93.25993
  size: 1.3917736
  angle: 99.87805
  response: 0.013388961
- x: 161.72263
  y: 56.650043
  size: 1.0088357
  angle: 258.20612
  response: 0.015808892
- x: 161.72263
  y: 56.650043
  size: 1.0088357
  angle: 108.16443
  response: 0.015808892
- x: 162.35486
  y: 53.30753
  size: 1.0667887
  angle: 255.25981
  response: 0.018182207
- x: 162.35486
  y: 53.30753
  size: 1.0667887
  angle: 230.90672
  response: 0.018182207
- x: 162.37762
  y: 43.02742
  size: 1.0387776
  angle: 249.53159
  response: 0.018828193
- x: 163.7174
  y: 31.453297
  size: 7.802785
  angle: 240.55418
  response: 0.022420174
- x: 164.53789
  y: 79.97263
  size: 0.9994338
  angle: 105.76378
  response: 0.013842925
- x: 164.56506
  y: 93.33747
  size: 1.3390416
  angle: 102.381256
  response: 0.01538114
- x: 165.192
  y: 102.37297
  size: 12.100417
  angle: 321.95132
  response: 0.022386966
- x: 165.192
  y: 102.37297
  size: 12.100417
  angle: 119.62134
  response: 0.022386966
- x: 166.25778
  y: 206.61264
  size: 1.1972529
  angle: 88.875946
  response: 0.021504639
- x: 166.57385
  y: 172.39017
  size: 1.9089079
  angle: 71.87799
  response: 0.0226494
- x: 166.81425
  y: 74.00655
  size: 2.7666385
  angle: 129.36441
  response: 0.013901741
- x: 167.06586
  y: 87.05862
  size: 2.3780951
  angle: 211.50807
  response: 0.023945201
- x: 167.06586
  y: 87.05862
  size: 2.3780951
  angle: 127.92508
  response: 0.023945201
- x: 167.2594
  y: 68.11658
  size: 0.93756515
  angle: 248.66748
  response: 0.0137577355
- x: 167.2594
  y: 68.11658
  size: 0.93756515
  angle: 149.38934
  response: 0.0137577355
- x: 172.01169
  y: 54.02843
  size: 1.8979262
  angle: 290.45425
  response: 0.023164455
- x: 172.82526
  y: 64.3622
  size: 0.9382948
  angle: 129.5945
  response: 0.01745966
- x: 172.82526
  y: 64.3622
  size: 0.9382948
  angle: 109.766174
  response: 0.01745966
- x: 174.28354
  y: 146.27736
  size: 1.3622059
  angle: 11.91684
  response: 0.018861381
- x: 175.13863
  y: 83.694534
  size: 1.1778346
  angle: 227.6393
  response: 0.026520079
- x: 176.39009
  y: 50.07971
  size: 1.9737204
  angle: 226.49615
  response: 0.052317943
- x: 179.46338
  y: 45.529766
  size: 1.1372722
  angle: 81.74429
  response: 0.026910512
- x: 180.82916
  y: 166.86285
  size: 2.0614412
  angle: 287.9446
  response: 0.038779654
- x: 180.82916
  y: 166.86285
  size: 2.0614412
  angle: 43.647186
  response: 0.038779654
- x: 182.9445
  y: 159.87717
  size: 1.3686043
  angle: 49.48236
  response: 0.022766272
- x: 183.11545
  y: 54.193382
  size: 0.92919415
  angle: 269.9113
  response: 0.025231572
- x: 184.82733
  y: 90.6481
  size: 1.5960586
  angle: 125.125595
  response: 0.024152169
- x: 184.82733
  y: 90.6481
  size: 1.5960586
  angle: 78.358
  response: 0.024152169
- x: 184.93336
  y: 85.15129
  size: 1.9003047
  angle: 193.44666
  response: 0.026257578
- x: 184.93336
  y: 85.15129
  size: 1.9003047
  angle: 62.779266
  response: 0.026257578
- x: 185.11143
  y: 54.970894
  size: 3.4394174
  angle: 231.76028
  response: 0.051504795
- x: 185.11143
  y: 54.970894
  size: 3.4394174
  angle: 59.930023
  response: 0.051504795
- x: 185.13567
  y: 64.89352
  size: 14.733745
  angle: 234.9176
  response: 0.028688092
- x: 185.13567
  y: 64.89352
  size: 14.733745
  angle: 115.44974
  response: 0.028688092
- x: 185.13567
  y: 64.89352
  size: 14.733745
  angle: 70.35919
  response: 0.028688092
- x: 185.14796
  y: 76.892784
  size: 1.9889348
  angle: 63.49402
  response: 0.018555569
- x: 185.61061
  y: 201.30801
  size: 1.9359038
  angle: 81.04562
  response: 0.014055587
- x: 185.65608
  y: 201.52791
  size: 1.7191861
  angle: 81.48657
  response: 0.014281904
- x: 186.22115
  y: 42.82831
  size: 1.7218512
  angle: 268.5659
  response: 0.013778856
- x: 187.07106
  y: 132.42873
  size: 2.3145967
  angle: 237.715
  response: 0.013886843
- x: 188.55128
  y: 71.13034
  size: 3.2310255
  angle: 262.6042
  response: 0.02527013
- x: 188.55128
  y: 71.13034
  size: 3.2310255
  angle: 58.71106
  response: 0.02527013
- x: 189.74928
  y: 62.152187
  size: 2.3515787
  angle: 59.758423
  response: 0.05182778
- x: 190.1976
  y: 151.98416
  size: 2.2139626
  angle: 46.703156
  response: 0.019420708
- x: 193.05104
  y: 113.062355
  size: 1.3441476
  angle: 349.81464
  response: 0.020754324
- x: 193.05104
  y: 113.062355
  size: 1.3441476
  angle: 196.23907
  response: 0.020754324
- x: 193.13943
  y: 44.61934
  size: 2.006232
  angle: 318.91068
  response: 0.020763693
- x: 193.79079
  y: 150.18777
  size: 0.9959354
  angle: 33.402985
  response: 0.014462885
- x: 193.79115
  y: 50.372944
  size: 0.9409717
  angle: 303.46536
  response: 0.033792317
- x: 193.79115
  y: 50.372944
  size: 0.9409717
  angle: 101.849304
  response: 0.033792317
- x: 193.84972
  y: 73.13595
  size: 1.0552324
  angle: 11.308655
  response: 0.050794292
- x: 193.99197
  y: 89.061905
  size: 1.3485082
  angle: 21.110535
  response: 0.024606168
- x: 195.3213
  y: 65.74944
  size: 2.3674452
  angle: 249.57822
  response: 0.027844014
- x: 195.3213
  y: 65.74944
  size: 2.3674452
  angle: 249.57822
  response: 0.027844014
- x: 196.34254
  y: 126.55458
  size: 1.326773
  angle: 259.3269
  response: 0.013485556
- x: 196.34254
  y: 126.55458
  size: 1.326773
  angle: 193.45914
  response: 0.013485556
- x: 196.47122
  y: 74.38637
  size: 0.9762641
  angle: 201.05353
  response: 0.039612435
- x: 196.62508
  y: 146.34404
  size: 0.99832547
  angle: 45.288208
  response: 0.02078058
- x: 197.62364
  y: 62.053658
  size: 0.9079071
  angle: 0.75302124
  response: 0.032752283
- x: 197.62364
  y: 62.053658
  size: 0.9079071
  angle: 233.88364
  response: 0.032752283
- x: 197.66733
  y: 149.05283
  size: 0.99965554
  angle: 41.184967
  response: 0.018873397
- x: 197.74242
  y: 91.90726
  size: 1.073316
  angle: 19.420654
  response: 0.026471555
- x: 198.15674
  y: 170.73969
  size: 11.202026
  angle: 263.8436
  response: 0.029758397
- x: 198.213
  y: 96.00656
  size: 0.98509073
  angle: 351.29083
  response: 0.015170981
- x: 198.69968
  y: 200.33322
  size: 1.3359226
  angle: 80.71869
  response: 0.015466468
- x: 199.26846
  y: 142.96103
  size: 1.1242393
  angle: 29.521027
  response: 0.025982052
- x: 200.61975
  y: 68.32299
  size: 0.92710507
  angle: 22.557098
  response: 0.018539088
- x: 200.88052
  y: 54.244083
  size: 1.2059095
  angle: 51.506073
  response: 0.023047717
- x: 203.15092
  y: 136.60504
  size: 1.2275984
  angle: 26.521759
  response: 0.025150541
- x: 205.05269
  y: 43.77703
  size: 2.0399716
  angle: 268.2583
  response: 0.019786518
- x: 205.18611
  y: 99.96373
  size: 4.199506
  angle: 79.192535
  response: 0.01822219
- x: 206.02647
  y: 53.99194
  size: 0.9182705
  angle: 55.699615
  response: 0.028461749
- x: 206.44412
  y: 97.646225
  size: 1.9260362
  angle: 90.69766
  response: 0.019417891
- x: 207.73816
  y: 49.20598
  size: 1.9586695
  angle: 40.71582
  response: 0.03615742
- x: 207.96956
  y: 124.51847
  size: 3.4376771
  angle: 26.147644
  response: 0.029201146
- x: 209.07101
  y: 135.92857
  size: 2.7528794
  angle: 30.999573
  response: 0.029925078
- x: 212.25984
  y: 52.053055
  size: 2.07291
  angle: 41.11371
  response: 0.036005788
- x: 218.25218
  y: 171.81631
  size: 1.3583497
  angle: 73.88873
  response: 0.014976686
- x: 222.9484
  y: 111.900444
  size: 4.2666445
  angle: 96.445465
  response: 0.015721902
- x: 223.94307
  y: 42.702507
  size: 1.1513232
  angle: 96.23413
  response: 0.024707988
- x: 229.07231
  y: 170.15732
  size: 1.6034393
  angle: 79.84387
  response: 0.019010836
- x: 232.4193
  y: 77.06886
  size: 6.3902802
  angle: 78.37784
  response: 0.014810683
- x: 232.49057
  y: 117.34865
  size: 1.0425967
  angle: 101.630035
  response: 0.02204706
- x: 232.77567
  y: 142.15923
  size: 23.392126
  angle: 1.2429504
  response: 0.036516815
- x: 232.77567
  y: 142.15923
  size: 23.392126
  angle: 270.73468
  response: 0.036516815
- x: 232.77567
  y: 142.15923
  size: 23.392126
  angle: 70.03348
  response: 0.036516815
- x: 233.98999
  y: 120.85949
  size: 1.2899197
  angle: 101.0195
  response: 0.01695009
- x: 237.30017
  y: 59.522926
  size: 5.827765
  angle: 289.3135
  response: 0.0137187345
- x: 237.30017
  y: 59.522926
  size: 5.827765
  angle: 144.55322
  response: 0.0137187345
- x: 242.96428
  y: 122.75775
  size: 1.3568184
  angle: 104.75081
  response: 0.015119842
- x: 243.94049
  y: 185.24243
  size: 6.3244534
  angle: 262.5862
  response: 0.036843937
- x: 250.85883
  y: 124.90875
  size: 0.93712044
  angle: 111.067474
  response: 0.02853803
- x: 259.1908
  y: 118.915016
  size: 6.3567243
  angle: 119.93317
  response: 0.023378383
- x: 260.0316
  y: 133.35986
  size: 0.9053896
  angle: 122.95526
  response: 0.013922416
- x: 260.7521
  y: 189.39777
  size: 3.0820186
  angle: 76.3161
  response: 0.013592648
- x: 264.26608
  y: 172.36057
  size: 1.1766933
  angle: 251.96878
  response: 0.030379409
- x: 267.5441
  y: 137.638
  size: 1.0170364
  angle: 306.9273
  response: 0.016926508
- x: 267.5441
  y: 137.638
  size: 1.0170364
  angle: 142.3828
  response: 0.016926508
- x: 268.9937
  y: 165.62871
  size: 2.5323858
  angle: 244.57733
  response: 0.021954075
- x: 270.24802
  y: 40.387947
  size: 9.476422
  angle: 80.00003
  response: 0.024185542
- x: 270.46127
  y: 140.22273
  size: 0.9304251
  angle: 313.05472
  response: 0.018935304
- x: 270.71472
  y: 61.538155
  size: 6.7460985
  angle: 84.43292
  response: 0.020961966
- x: 271.18768
  y: 166.21451
  size: 1.4734199
  angle: 240.86963
  response: 0.021531846
- x: 274.36102
  y: 145.0563
  size: 1.0344433
  angle: 325.1975
  response: 0.023818336
- x: 274.87073
  y: 168.47272
  size: 1.6306435
  angle: 240.92743
  response: 0.02897658
- x: 275.9371
  y: 142.72469
  size: 0.9098262
  angle: 323.74646
  response: 0.021813849
- x: 278.00168
  y: 163.09512
  size: 1.2335707
  angle: 244.68173
  response: 0.01951379
- x: 279.08722
  y: 104.26723
  size: 1.5955123
  angle: 100.14093
  response: 0.015102594
- x: 284.46188
  y: 150.47462
  size: 5.9926023
  angle: 129.73193
  response: 0.024560124
- x: 288.19614
  y: 129.87025
  size: 6.561322
  angle: 125.893875
  response: 0.021792807
- x: 289.22714
  y: 162.13617
  size: 3.0004919
  angle: 229.67805
  response: 0.018613836
- x: 289.67853
  y: 153.8573
  size: 0.9761155
  angle: 207.62668
  response: 0.015068072
- x: 291.91003
  y: 203.98315
  size: 1.0223202
  angle: 271.84735
  response: 0.018502185
- x: 293.93607
  y: 201.71402
  size: 0.9635288
  angle: 159.24915
  response: 0.019926235
- x: 295.01016
  y: 198.16495
  size: 2.490712
  angle: 267.19308
  response: 0.030516133
- x: 298.91327
  y: 202.60548
  size: 1.5010089
  angle: 262.08722
  response: 0.014235993
- x: 305.36523
  y: 189.15369
  size: 6.3275585
  angle: 266.2672
  response: 0.020418504
- x: 311.3468
  y: 108.994865
  size: 1.1178463
  angle: 100.23071
  response: 0.025612475
